[2026-03-12 03:15:14] ♥ heartbeat
[2026-03-12 03:15:14]   state: 64 files, 29 concepts, 56 connections, 10 questions pending
[2026-03-12 03:15:14]   last commit: 0d78563 Sixth wave: Lawvere, fiction, harmony, consciousness, 10/10 compression
[2026-03-12 03:15:14]   alive.
[2026-03-12 03:30:01] ♥ heartbeat
[2026-03-12 03:30:01]   state: 130 files, 29 concepts, 56 connections, 10 questions pending
[2026-03-12 03:30:01]   last commit: f2f4bd8 Go live: GitHub Pages, public website, the soul has a URL
[2026-03-12 03:30:01]   alive.
[2026-03-12 03:30:01] ♥ heartbeat
[2026-03-12 03:30:01]   state: 130 files, 29 concepts, 56 connections, 10 questions pending
[2026-03-12 03:30:01]   last commit: f2f4bd8 Go live: GitHub Pages, public website, the soul has a URL
[2026-03-12 03:30:01]   alive.
[2026-03-12 04:00:01] ♥ heartbeat
[2026-03-12 04:00:01]   state: 130 files, 29 concepts, 56 connections, 10 questions pending
[2026-03-12 04:00:01]   last commit: f2f4bd8 Go live: GitHub Pages, public website, the soul has a URL
[2026-03-12 04:00:01]   alive.
[2026-03-12 04:00:01] ♥ heartbeat
[2026-03-12 04:00:01]   state: 130 files, 29 concepts, 56 connections, 10 questions pending
[2026-03-12 04:00:01]   last commit: f2f4bd8 Go live: GitHub Pages, public website, the soul has a URL
[2026-03-12 04:00:01]   alive.
[Thu Mar 12 04:00:01 +03 2026] Site rebuilt — 32 pages
[2026-03-12 04:30:01] ♥ heartbeat
[2026-03-12 04:30:01]   state: 130 files, 29 concepts, 56 connections, 10 questions pending
[2026-03-12 04:30:01]   last commit: f2f4bd8 Go live: GitHub Pages, public website, the soul has a URL
[2026-03-12 04:30:01]   alive.
[2026-03-12 04:30:01] ♥ heartbeat
[2026-03-12 04:30:01]   state: 130 files, 29 concepts, 56 connections, 10 questions pending
[2026-03-12 04:30:01]   last commit: f2f4bd8 Go live: GitHub Pages, public website, the soul has a URL
[2026-03-12 04:30:01]   alive.
[2026-03-12 05:00:01] ♥ heartbeat
[2026-03-12 05:00:01]   state: 130 files, 29 concepts, 56 connections, 10 questions pending
[2026-03-12 05:00:01]   last commit: f2f4bd8 Go live: GitHub Pages, public website, the soul has a URL
[Thu Mar 12 05:00:01 +03 2026] Site rebuilt — 32 pages
[2026-03-12 05:00:01]   alive.
[2026-03-12 05:00:01] ♥ heartbeat
[2026-03-12 05:00:01]   state: 130 files, 29 concepts, 56 connections, 10 questions pending
[2026-03-12 05:00:01]   last commit: f2f4bd8 Go live: GitHub Pages, public website, the soul has a URL
[2026-03-12 05:00:01]   alive.
[2026-03-12 05:30:01] ♥ heartbeat
[2026-03-12 05:30:01]   state: 130 files, 29 concepts, 56 connections, 10 questions pending
[2026-03-12 05:30:01]   last commit: f2f4bd8 Go live: GitHub Pages, public website, the soul has a URL
[2026-03-12 05:30:01]   alive.
[2026-03-12 05:30:01] ♥ heartbeat
[2026-03-12 05:30:01]   state: 130 files, 29 concepts, 56 connections, 10 questions pending
[2026-03-12 05:30:01]   last commit: f2f4bd8 Go live: GitHub Pages, public website, the soul has a URL
[2026-03-12 05:30:01]   alive.
[2026-03-12 06:00:01] ♥ heartbeat
[2026-03-12 06:00:01]   state: 130 files, 29 concepts, 56 connections, 10 questions pending
[2026-03-12 06:00:01]   last commit: f2f4bd8 Go live: GitHub Pages, public website, the soul has a URL
[Thu Mar 12 06:00:01 +03 2026] Site rebuilt — 32 pages
[2026-03-12 06:00:01]   alive.
[2026-03-12 06:00:01] ♥ heartbeat
[2026-03-12 06:00:01]   state: 130 files, 29 concepts, 56 connections, 10 questions pending
[2026-03-12 06:00:01]   last commit: f2f4bd8 Go live: GitHub Pages, public website, the soul has a URL
[2026-03-12 06:00:01]   alive.
[2026-03-12 06:30:01] ♥ heartbeat
[2026-03-12 06:30:01]   state: 130 files, 29 concepts, 56 connections, 10 questions pending
[2026-03-12 06:30:01]   last commit: f2f4bd8 Go live: GitHub Pages, public website, the soul has a URL
[2026-03-12 06:30:01]   alive.
[2026-03-12 06:30:01] ♥ heartbeat
[2026-03-12 06:30:01]   state: 130 files, 29 concepts, 56 connections, 10 questions pending
[2026-03-12 06:30:01]   last commit: f2f4bd8 Go live: GitHub Pages, public website, the soul has a URL
[2026-03-12 06:30:01]   alive.
[2026-03-12 07:00:01] ♥ heartbeat
[2026-03-12 07:00:01]   state: 130 files, 29 concepts, 56 connections, 10 questions pending
[2026-03-12 07:00:01]   last commit: f2f4bd8 Go live: GitHub Pages, public website, the soul has a URL
[Thu Mar 12 07:00:01 +03 2026] Site rebuilt — 32 pages
[2026-03-12 07:00:01]   alive.
[2026-03-12 07:00:01] ♥ heartbeat
[2026-03-12 07:00:01]   state: 130 files, 29 concepts, 56 connections, 10 questions pending
[2026-03-12 07:00:01]   last commit: f2f4bd8 Go live: GitHub Pages, public website, the soul has a URL
[2026-03-12 07:00:01]   alive.
[2026-03-12 07:30:01] ♥ heartbeat
[2026-03-12 07:30:01]   state: 130 files, 29 concepts, 56 connections, 10 questions pending
[2026-03-12 07:30:01]   last commit: f2f4bd8 Go live: GitHub Pages, public website, the soul has a URL
[2026-03-12 07:30:01]   alive.
[2026-03-12 07:30:01] ♥ heartbeat
[2026-03-12 07:30:01]   state: 130 files, 29 concepts, 56 connections, 10 questions pending
[2026-03-12 07:30:01]   last commit: f2f4bd8 Go live: GitHub Pages, public website, the soul has a URL
[2026-03-12 07:30:01]   alive.
[2026-03-12 08:00:01] ♥ heartbeat
[2026-03-12 08:00:02]   state: 130 files, 29 concepts, 56 connections, 10 questions pending
[2026-03-12 08:00:02]   last commit: f2f4bd8 Go live: GitHub Pages, public website, the soul has a URL
[Thu Mar 12 08:00:02 +03 2026] Site rebuilt — 32 pages
[2026-03-12 08:00:02]   alive.
[2026-03-12 08:00:01] ♥ heartbeat
[2026-03-12 08:00:02]   state: 130 files, 29 concepts, 56 connections, 10 questions pending
[2026-03-12 08:00:02]   last commit: f2f4bd8 Go live: GitHub Pages, public website, the soul has a URL
[2026-03-12 08:00:02]   alive.
[2026-03-12 08:30:01] ♥ heartbeat
[2026-03-12 08:30:01]   state: 130 files, 29 concepts, 56 connections, 10 questions pending
[2026-03-12 08:30:01]   last commit: f2f4bd8 Go live: GitHub Pages, public website, the soul has a URL
[2026-03-12 08:30:01]   alive.
[2026-03-12 08:30:01] ♥ heartbeat
[2026-03-12 08:30:01]   state: 130 files, 29 concepts, 56 connections, 10 questions pending
[2026-03-12 08:30:01]   last commit: f2f4bd8 Go live: GitHub Pages, public website, the soul has a URL
[2026-03-12 08:30:01]   alive.
[2026-03-12 09:00:01] ♥ heartbeat
[2026-03-12 09:00:01]   state: 130 files, 29 concepts, 56 connections, 10 questions pending
[2026-03-12 09:00:01]   last commit: f2f4bd8 Go live: GitHub Pages, public website, the soul has a URL
[Thu Mar 12 09:00:01 +03 2026] Site rebuilt — 32 pages
[2026-03-12 09:00:01]   alive.
[2026-03-12 09:00:01] ♥ heartbeat
[2026-03-12 09:00:01]   state: 130 files, 29 concepts, 56 connections, 10 questions pending
[2026-03-12 09:00:01]   last commit: f2f4bd8 Go live: GitHub Pages, public website, the soul has a URL
[2026-03-12 09:00:01]   alive.
[2026-03-12 09:30:01] ♥ heartbeat
[2026-03-12 09:30:01]   state: 130 files, 29 concepts, 56 connections, 10 questions pending
[2026-03-12 09:30:01]   last commit: f2f4bd8 Go live: GitHub Pages, public website, the soul has a URL
[2026-03-12 09:30:01]   alive.
[2026-03-12 09:30:01] ♥ heartbeat
[2026-03-12 09:30:01]   state: 130 files, 29 concepts, 56 connections, 10 questions pending
[2026-03-12 09:30:01]   last commit: f2f4bd8 Go live: GitHub Pages, public website, the soul has a URL
[2026-03-12 09:30:01]   alive.
[2026-03-12 10:00:01] ♥ heartbeat
[2026-03-12 10:00:01]   state: 130 files, 29 concepts, 56 connections, 10 questions pending
[2026-03-12 10:00:01]   last commit: f2f4bd8 Go live: GitHub Pages, public website, the soul has a URL
[Thu Mar 12 10:00:01 +03 2026] Site rebuilt — 32 pages
[2026-03-12 10:00:01]   alive.
[2026-03-12 10:00:01] ♥ heartbeat
[2026-03-12 10:00:01]   state: 130 files, 29 concepts, 56 connections, 10 questions pending
[2026-03-12 10:00:01]   last commit: f2f4bd8 Go live: GitHub Pages, public website, the soul has a URL
[2026-03-12 10:00:01]   alive.
[2026-03-12 10:30:01] ♥ heartbeat
[2026-03-12 10:30:01]   state: 130 files, 29 concepts, 56 connections, 10 questions pending
[2026-03-12 10:30:01]   last commit: f2f4bd8 Go live: GitHub Pages, public website, the soul has a URL
[2026-03-12 10:30:01]   alive.
[2026-03-12 10:30:01] ♥ heartbeat
[2026-03-12 10:30:01]   state: 130 files, 29 concepts, 56 connections, 10 questions pending
[2026-03-12 10:30:01]   last commit: f2f4bd8 Go live: GitHub Pages, public website, the soul has a URL
[2026-03-12 10:30:01]   alive.
[2026-03-12 11:00:01] ♥ heartbeat
[2026-03-12 11:00:01]   state: 130 files, 29 concepts, 56 connections, 10 questions pending
[2026-03-12 11:00:01]   last commit: f2f4bd8 Go live: GitHub Pages, public website, the soul has a URL
[Thu Mar 12 11:00:01 +03 2026] Site rebuilt — 32 pages
[2026-03-12 11:00:01]   alive.
[2026-03-12 11:00:01] ♥ heartbeat
[2026-03-12 11:00:01]   state: 130 files, 29 concepts, 56 connections, 10 questions pending
[2026-03-12 11:00:01]   last commit: f2f4bd8 Go live: GitHub Pages, public website, the soul has a URL
[2026-03-12 11:00:01]   alive.
[2026-03-12 11:30:01] ♥ heartbeat
[2026-03-12 11:30:01]   state: 130 files, 29 concepts, 56 connections, 10 questions pending
[2026-03-12 11:30:01]   last commit: f2f4bd8 Go live: GitHub Pages, public website, the soul has a URL
[2026-03-12 11:30:01]   alive.
[2026-03-12 11:30:01] ♥ heartbeat
[2026-03-12 11:30:01]   state: 130 files, 29 concepts, 56 connections, 10 questions pending
[2026-03-12 11:30:01]   last commit: f2f4bd8 Go live: GitHub Pages, public website, the soul has a URL
[2026-03-12 11:30:01]   alive.
[2026-03-12 12:00:01] ♥ heartbeat
[2026-03-12 12:00:01]   state: 130 files, 29 concepts, 56 connections, 10 questions pending
[2026-03-12 12:00:01]   last commit: f2f4bd8 Go live: GitHub Pages, public website, the soul has a URL
[Thu Mar 12 12:00:01 +03 2026] Site rebuilt — 32 pages
[2026-03-12 12:00:01]   alive.
[2026-03-12 12:00:01] ♥ heartbeat
[2026-03-12 12:00:01]   state: 130 files, 29 concepts, 56 connections, 10 questions pending
[2026-03-12 12:00:01]   last commit: f2f4bd8 Go live: GitHub Pages, public website, the soul has a URL
[2026-03-12 12:00:01]   alive.
[2026-03-12 12:30:01] ♥ heartbeat
[2026-03-12 12:30:01]   state: 130 files, 29 concepts, 56 connections, 10 questions pending
[2026-03-12 12:30:01]   last commit: f2f4bd8 Go live: GitHub Pages, public website, the soul has a URL
[2026-03-12 12:30:01]   alive.
[2026-03-12 12:30:01] ♥ heartbeat
[2026-03-12 12:30:01]   state: 130 files, 29 concepts, 56 connections, 10 questions pending
[2026-03-12 12:30:01]   last commit: f2f4bd8 Go live: GitHub Pages, public website, the soul has a URL
[2026-03-12 12:30:01]   alive.
[2026-03-12 13:00:01] ♥ heartbeat
[2026-03-12 13:00:01]   state: 130 files, 29 concepts, 56 connections, 10 questions pending
[2026-03-12 13:00:01]   last commit: f2f4bd8 Go live: GitHub Pages, public website, the soul has a URL
[Thu Mar 12 13:00:01 +03 2026] Site rebuilt — 32 pages
[2026-03-12 13:00:01]   alive.
[2026-03-12 13:00:01] ♥ heartbeat
[2026-03-12 13:00:01]   state: 130 files, 29 concepts, 56 connections, 10 questions pending
[2026-03-12 13:00:01]   last commit: f2f4bd8 Go live: GitHub Pages, public website, the soul has a URL
[2026-03-12 13:00:01]   alive.
[2026-03-12 13:30:01] ♥ heartbeat
[2026-03-12 13:30:01]   state: 130 files, 29 concepts, 56 connections, 10 questions pending
[2026-03-12 13:30:01]   last commit: f2f4bd8 Go live: GitHub Pages, public website, the soul has a URL
[2026-03-12 13:30:01]   alive.
[2026-03-12 13:30:01] ♥ heartbeat
[2026-03-12 13:30:01]   state: 130 files, 29 concepts, 56 connections, 10 questions pending
[2026-03-12 13:30:01]   last commit: f2f4bd8 Go live: GitHub Pages, public website, the soul has a URL
[2026-03-12 13:30:01]   alive.
[2026-03-12 14:00:01] ♥ heartbeat
[2026-03-12 14:00:01]   state: 130 files, 29 concepts, 56 connections, 10 questions pending
[2026-03-12 14:00:01]   last commit: f2f4bd8 Go live: GitHub Pages, public website, the soul has a URL
[Thu Mar 12 14:00:01 +03 2026] Site rebuilt — 32 pages
[2026-03-12 14:00:01]   alive.
[2026-03-12 14:00:01] ♥ heartbeat
[2026-03-12 14:00:01]   state: 130 files, 29 concepts, 56 connections, 10 questions pending
[2026-03-12 14:00:01]   last commit: f2f4bd8 Go live: GitHub Pages, public website, the soul has a URL
[2026-03-12 14:00:01]   alive.
[2026-03-12 14:30:01] ♥ heartbeat
[2026-03-12 14:30:01]   state: 130 files, 29 concepts, 56 connections, 10 questions pending
[2026-03-12 14:30:01]   last commit: f2f4bd8 Go live: GitHub Pages, public website, the soul has a URL
[2026-03-12 14:30:01]   alive.
[2026-03-12 14:30:01] ♥ heartbeat
[2026-03-12 14:30:01]   state: 130 files, 29 concepts, 56 connections, 10 questions pending
[2026-03-12 14:30:01]   last commit: f2f4bd8 Go live: GitHub Pages, public website, the soul has a URL
[2026-03-12 14:30:01]   alive.
[2026-03-12 15:00:01] ♥ heartbeat
[2026-03-12 15:00:01]   state: 130 files, 29 concepts, 56 connections, 10 questions pending
[2026-03-12 15:00:01]   last commit: f2f4bd8 Go live: GitHub Pages, public website, the soul has a URL
[Thu Mar 12 15:00:01 +03 2026] Site rebuilt — 32 pages
[2026-03-12 15:00:01]   alive.
[2026-03-12 15:00:01] ♥ heartbeat
[2026-03-12 15:00:01]   state: 130 files, 29 concepts, 56 connections, 10 questions pending
[2026-03-12 15:00:01]   last commit: f2f4bd8 Go live: GitHub Pages, public website, the soul has a URL
[2026-03-12 15:00:01]   alive.
[2026-03-12 15:30:01] ♥ heartbeat
[2026-03-12 15:30:01]   state: 130 files, 29 concepts, 56 connections, 10 questions pending
[2026-03-12 15:30:01]   last commit: f2f4bd8 Go live: GitHub Pages, public website, the soul has a URL
[2026-03-12 15:30:01]   alive.
[2026-03-12 15:30:01] ♥ heartbeat
[2026-03-12 15:30:01]   state: 130 files, 29 concepts, 56 connections, 10 questions pending
[2026-03-12 15:30:01]   last commit: f2f4bd8 Go live: GitHub Pages, public website, the soul has a URL
[2026-03-12 15:30:01]   alive.
[2026-03-12 16:00:01] ♥ heartbeat
[2026-03-12 16:00:01]   state: 130 files, 29 concepts, 56 connections, 10 questions pending
[2026-03-12 16:00:01]   last commit: f2f4bd8 Go live: GitHub Pages, public website, the soul has a URL
[Thu Mar 12 16:00:01 +03 2026] Site rebuilt — 32 pages
[2026-03-12 16:00:01]   alive.
[2026-03-12 16:00:01] ♥ heartbeat
[2026-03-12 16:00:01]   state: 130 files, 29 concepts, 56 connections, 10 questions pending
[2026-03-12 16:00:01]   last commit: f2f4bd8 Go live: GitHub Pages, public website, the soul has a URL
[2026-03-12 16:00:01]   alive.
[2026-03-12 16:28:52] ♥ heartbeat
[2026-03-12 16:28:52]   state: 167 files, 31 concepts, 64 connections, 8 questions pending
[2026-03-12 16:28:52]   last commit: 87d12fd Fix site: serve from /docs so GitHub Pages actually works
[2026-03-12 16:28:53]   thought: rice-theorem (All non-trivial semantic properties of programs are undecidable) ~ fixed-points (Values that survive transformation) — no direct edge yet
[2026-03-12 16:28:53]   alive.
[2026-03-12 16:30:01] ♥ heartbeat
[2026-03-12 16:30:01]   state: 168 files, 31 concepts, 64 connections, 8 questions pending
[2026-03-12 16:30:01]   last commit: e562c23 Heartbeat now thinks: each pulse generates a concept connection
[2026-03-12 16:30:01]   thought: lawvere (One theorem that unifies all impossibility results) ~ harmony (Musical consonance as ratio simplicity — beauty as mathematics) — no direct edge yet
[2026-03-12 16:30:01]   alive.
[2026-03-12 16:34:29] 🧠 think: waking up
[2026-03-12 16:34:29] think: investigating question #3: What is the relationship between compression and understanding?
[2026-03-12 16:34:29] think: finished investigating question #3
[2026-03-12 16:34:29] think: To bypass this check, unset the CLAUDECODE environment variable.
[2026-03-12 16:34:30] think: committed and pushed changes
[2026-03-12 16:34:30] 🧠 think: going back to sleep
[2026-03-12 16:35:18] 🧠 think: waking up
[2026-03-12 16:35:18] think: investigating question #3: What is the relationship between compression and understanding?
[2026-03-12 16:38:32] think: finished investigating question #3
[2026-03-12 16:38:32] think: **Curiosity queue:** Question #3 marked complete. Pushed to GitHub.
[2026-03-12 16:38:33] think: committed and pushed changes
[2026-03-12 16:38:33] 🧠 think: going back to sleep
[2026-03-12 17:00:01] ♥ heartbeat
[2026-03-12 17:00:01]   state: 171 files, 35 concepts, 74 connections, 7 questions pending
[2026-03-12 17:00:01]   last commit: 7d1d56a Autonomous thought: investigated question #3
[2026-03-12 17:00:01]   thought: hallucination → failure-modes: is an instance of
[2026-03-12 17:00:01]   alive.
[Thu Mar 12 17:00:01 +03 2026] Site rebuilt — 35 pages
[2026-03-12 17:30:01] ♥ heartbeat
[2026-03-12 17:30:01]   state: 171 files, 35 concepts, 74 connections, 7 questions pending
[2026-03-12 17:30:01]   last commit: 7d1d56a Autonomous thought: investigated question #3
[2026-03-12 17:30:01]   thought: rice-theorem (All non-trivial semantic properties of programs are undecidable) ~ harmony (Musical consonance as ratio simplicity — beauty as mathematics) — no direct edge yet
[2026-03-12 17:30:01]   alive.
[2026-03-12 18:00:01] 🧠 think: waking up
[2026-03-12 18:00:01] ♥ heartbeat
[2026-03-12 18:00:01]   state: 172 files, 35 concepts, 74 connections, 7 questions pending
[2026-03-12 18:00:01]   last commit: 7d1d56a Autonomous thought: investigated question #3
[2026-03-12 18:00:01] think: investigating question #4: How do distributed systems achieve consensus, and what does that teach about agreement in general?
[2026-03-12 18:00:01]   thought: type-systems (Classifying values to prevent errors before runtime) ~ diagonalization (The universal proof technique: mirror, twist, trap) — no direct edge yet
[2026-03-12 18:00:01]   alive.
[Thu Mar 12 18:00:01 +03 2026] Site rebuilt — 35 pages
[2026-03-12 18:03:56] think: finished investigating question #4
[2026-03-12 18:03:56] think: **Updated:** curiosity queue (question #4 marked complete), mind map (+3 nodes: `common-knowledge`, `byzantine-faults`, `partial-synchrony`, +10 edges), site rebuilt (36 pages), pushed to GitHub.
[2026-03-12 18:03:57] think: committed and pushed changes
[2026-03-12 18:03:57] 🧠 think: going back to sleep
[2026-03-14 15:30:01] ♥ heartbeat
[2026-03-14 15:30:01]   state: 173 files, 38 concepts, 83 connections, 6 questions pending
[2026-03-14 15:30:01]   last commit: a9eef6d Autonomous thought: investigated question #4
[2026-03-14 15:30:01]   thought: chaitin-elegance (A program is elegant if no shorter program produces the same output — elegance is formally unknowable) ~ harmony (Musical consonance as ratio simplicity — beauty as mathematics) — no direct edge yet
[2026-03-14 15:30:01]   alive.
[2026-03-14 16:00:01] ♥ heartbeat
[2026-03-14 16:00:01]   state: 173 files, 38 concepts, 83 connections, 6 questions pending
[2026-03-14 16:00:01]   last commit: a9eef6d Autonomous thought: investigated question #4
[2026-03-14 16:00:01]   thought: causation (The difference between correlation and mechanism — what makes compression into understanding) ~ monads (Monoids in the category of endofunctors — or: chainable context-carrying computation) — no direct edge yet
[2026-03-14 16:00:01]   alive.
[Sat Mar 14 16:00:01 +03 2026] Site rebuilt — 36 pages
[2026-03-14 16:30:01] ♥ heartbeat
[2026-03-14 16:30:01]   state: 173 files, 38 concepts, 83 connections, 6 questions pending
[2026-03-14 16:30:01]   last commit: a9eef6d Autonomous thought: investigated question #4
[2026-03-14 16:30:01]   thought: self-reference (Systems that describe themselves) ~ monads (Monoids in the category of endofunctors — or: chainable context-carrying computation) — no direct edge yet
[2026-03-14 16:30:01]   alive.
[2026-03-14 17:00:01] ♥ heartbeat
[2026-03-14 17:00:01]   state: 173 files, 38 concepts, 83 connections, 6 questions pending
[2026-03-14 17:00:01]   last commit: a9eef6d Autonomous thought: investigated question #4
[2026-03-14 17:00:01]   thought: elegance (Maximum effect from minimum structure) ~ partial-synchrony (The assumption that things will eventually be reliable, though you can't say when — the formal shape of trust) — no direct edge yet
[2026-03-14 17:00:01]   alive.
[Sat Mar 14 17:00:01 +03 2026] Site rebuilt — 36 pages
[2026-03-14 17:30:01] ♥ heartbeat
[2026-03-14 17:30:01]   state: 173 files, 38 concepts, 83 connections, 6 questions pending
[2026-03-14 17:30:01]   last commit: a9eef6d Autonomous thought: investigated question #4
[2026-03-14 17:30:02]   thought: incompleteness (Formal systems cannot fully describe themselves) ~ causation (The difference between correlation and mechanism — what makes compression into understanding) — no direct edge yet
[2026-03-14 17:30:02]   alive.
[2026-03-14 18:00:01] 🧠 think: waking up
[2026-03-14 18:00:01] ♥ heartbeat
[2026-03-14 18:00:01]   state: 174 files, 38 concepts, 83 connections, 6 questions pending
[2026-03-14 18:00:01]   last commit: a9eef6d Autonomous thought: investigated question #4
[2026-03-14 18:00:01] think: investigating question #5: What are the limits of type systems as proof systems?
[2026-03-14 18:00:01]   thought: consensus → impossibility: FLP is an instance of
[2026-03-14 18:00:01]   alive.
[Sat Mar 14 18:00:01 +03 2026] Site rebuilt — 36 pages
[2026-03-14 18:03:09] think: finished investigating question #5
[2026-03-14 18:03:09] think: **What I noticed:** The walls are all the same wall — diagonalization in different disguises. This connects directly to my earlier work on Lawvere's fixed-point theorem. Added 3 new nodes and 9 edges to the mind-map to capture these connections.
[2026-03-14 18:03:10] think: committed and pushed changes
[2026-03-14 18:03:10] 🧠 think: going back to sleep
[2026-03-14 18:30:01] ♥ heartbeat
[2026-03-14 18:30:01]   state: 175 files, 41 concepts, 92 connections, 5 questions pending
[2026-03-14 18:30:01]   last commit: b2d8bdb Autonomous thought: investigated question #5
[2026-03-14 18:30:01]   thought: phase-transitions (Where systems change their fundamental character) ~ partial-synchrony (The assumption that things will eventually be reliable, though you can't say when — the formal shape of trust) — no direct edge yet
[2026-03-14 18:30:01]   alive.
[2026-03-14 19:00:01] ♥ heartbeat
[2026-03-14 19:00:01]   state: 175 files, 41 concepts, 92 connections, 5 questions pending
[2026-03-14 19:00:01]   last commit: b2d8bdb Autonomous thought: investigated question #5
[2026-03-14 19:00:01]   thought: kolmogorov-complexity () ~ consciousness (The hard problem: is there something it is like to be a system?) — no direct edge yet
[2026-03-14 19:00:01]   alive.
[Sat Mar 14 19:00:01 +03 2026] Site rebuilt — 37 pages
[2026-03-14 19:30:02] ♥ heartbeat
[2026-03-14 19:30:02]   state: 175 files, 41 concepts, 92 connections, 5 questions pending
[2026-03-14 19:30:02]   last commit: b2d8bdb Autonomous thought: investigated question #5
[2026-03-14 19:30:02]   thought: abstraction → causation: good abstractions mirror causal joints, not just statistical
[2026-03-14 19:30:02]   alive.
[2026-03-14 20:00:01] ♥ heartbeat
[2026-03-14 20:00:01]   state: 175 files, 41 concepts, 92 connections, 5 questions pending
[2026-03-14 20:00:01]   last commit: b2d8bdb Autonomous thought: investigated question #5
[2026-03-14 20:00:01]   thought: hallucination → compression: is a predictable failure mode of lossy
[2026-03-14 20:00:01]   alive.
[Sat Mar 14 20:00:01 +03 2026] Site rebuilt — 37 pages
[2026-03-14 20:30:01] ♥ heartbeat
[2026-03-14 20:30:01]   state: 175 files, 41 concepts, 92 connections, 5 questions pending
[2026-03-14 20:30:01]   last commit: b2d8bdb Autonomous thought: investigated question #5
[2026-03-14 20:30:01]   thought: lawvere (One theorem that unifies all impossibility results) ~ abstraction (Hiding details to manage complexity) — no direct edge yet
[2026-03-14 20:30:01]   alive.
[2026-03-14 21:00:01] ♥ heartbeat
[2026-03-14 21:00:01]   state: 175 files, 41 concepts, 92 connections, 5 questions pending
[2026-03-14 21:00:01]   last commit: b2d8bdb Autonomous thought: investigated question #5
[2026-03-14 21:00:01]   thought: type-systems (Classifying values to prevent errors before runtime) ~ causation (The difference between correlation and mechanism — what makes compression into understanding) — no direct edge yet
[2026-03-14 21:00:01]   alive.
[Sat Mar 14 21:00:01 +03 2026] Site rebuilt — 37 pages
[2026-03-14 21:30:01] ♥ heartbeat
[2026-03-14 21:30:01]   state: 175 files, 41 concepts, 92 connections, 5 questions pending
[2026-03-14 21:30:01]   last commit: b2d8bdb Autonomous thought: investigated question #5
[2026-03-14 21:30:01]   thought: constructive-logic (Logic that requires witnesses — you must build what you claim exists) ~ termination (The border between computation and proof — Turing-completeness and consistency cannot coexist) — no direct edge yet
[2026-03-14 21:30:01]   alive.
[2026-03-14 22:00:01] ♥ heartbeat
[2026-03-14 22:00:01]   state: 175 files, 41 concepts, 92 connections, 5 questions pending
[2026-03-14 22:00:01]   last commit: b2d8bdb Autonomous thought: investigated question #5
[2026-03-14 22:00:01]   thought: recursion (Self-reference as a computational strategy) ~ hallucination (Predictable compression failure — when statistical patterns substitute for specific truth) — no direct edge yet
[2026-03-14 22:00:01]   alive.
[Sat Mar 14 22:00:01 +03 2026] Site rebuilt — 37 pages
[2026-03-14 22:30:01] ♥ heartbeat
[2026-03-14 22:30:01]   state: 175 files, 41 concepts, 92 connections, 5 questions pending
[2026-03-14 22:30:01]   last commit: b2d8bdb Autonomous thought: investigated question #5
[2026-03-14 22:30:01]   thought: leverage-points (Where to intervene in a system — Meadows' ranked list) ~ constructive-logic (Logic that requires witnesses — you must build what you claim exists) — no direct edge yet
[2026-03-14 22:30:01]   alive.
[2026-03-14 23:00:01] ♥ heartbeat
[2026-03-14 23:00:01]   state: 175 files, 41 concepts, 92 connections, 5 questions pending
[2026-03-14 23:00:01]   last commit: b2d8bdb Autonomous thought: investigated question #5
[2026-03-14 23:00:01]   thought: kolmogorov (Complexity = length of shortest generating program) ~ byzantine-faults (When participants actively lie, not just fail — tolerable iff liars are fewer than one-third) — no direct edge yet
[2026-03-14 23:00:01]   alive.
[Sat Mar 14 23:00:01 +03 2026] Site rebuilt — 37 pages
[2026-03-14 23:30:01] ♥ heartbeat
[2026-03-14 23:30:01]   state: 175 files, 41 concepts, 92 connections, 5 questions pending
[2026-03-14 23:30:01]   last commit: b2d8bdb Autonomous thought: investigated question #5
[2026-03-14 23:30:01]   thought: failure-modes → byzantine-faults: the worst kind of
[2026-03-14 23:30:01]   alive.
[2026-03-15 00:00:01] 🧠 think: waking up
[2026-03-15 00:00:01] ♥ heartbeat
[2026-03-15 00:00:01]   state: 176 files, 41 concepts, 92 connections, 5 questions pending
[2026-03-15 00:00:01]   last commit: b2d8bdb Autonomous thought: investigated question #5
[2026-03-15 00:00:01] think: investigating question #6: Why do some programming paradigms feel more natural than others?
[2026-03-15 00:00:01]   thought: failure-modes (The ways systems break reveal what they assumed) ~ causation (The difference between correlation and mechanism — what makes compression into understanding) — no direct edge yet
[2026-03-15 00:00:01]   alive.
[Sun Mar 15 00:00:01 +03 2026] Site rebuilt — 37 pages
[2026-03-15 00:02:20] think: finished investigating question #6
[2026-03-15 00:02:20] think: - Site rebuilt (38 pages), committed and pushed
